2026-09-19 10:46:00 SMOKE_ALREADY_PASS 
2026-09-19 10:46:00 FIT_BINARY Null 
2026-09-19 10:46:02 FIT_JOINT_BB Null 
2026-09-19 10:46:05 FIT_SCHEME_A Null 
2026-09-19 10:46:07 FIT_BINARY Site315 
2026-09-19 10:46:08 FIT_JOINT_BB Site315 
2026-09-19 10:46:11 FIT_SCHEME_A Site315 
2026-09-19 10:46:12 FIT_BINARY M1 
2026-09-19 10:46:13 FIT_JOINT_BB M1 
2026-09-19 10:46:18 FIT_SCHEME_A M1 
2026-09-19 10:46:19 FIT_BINARY M2 
2026-09-19 10:46:21 FIT_JOINT_BB M2 
2026-09-19 10:46:26 FIT_SCHEME_A M2 
2026-09-19 10:46:27 FIT_BINARY M3 
2026-09-19 10:46:29 FIT_JOINT_BB M3 
2026-09-19 10:46:35 FIT_SCHEME_A M3 
2026-09-19 10:48:26 CV_ROUTE binary 5 
2026-09-19 10:49:20 CV_ROUTE joint_bb 5 
2026-09-19 10:51:47 CV_ROUTE schemeA_tobit 5 
2026-09-19 10:53:58 CV_ROUTE binary 10 
2026-09-19 10:57:38 CV_ROUTE joint_bb 10 
2026-09-19 11:04:05 CV_ROUTE schemeA_tobit 10 
2026-09-19 11:09:05 FORMAL_V2_COMPLETE 
