FIT_START binary Null record_equal seed 20260925 

SAMPLING FOR MODEL 'anon_model' NOW (CHAIN 1).
Chain 1: 
Chain 1: Gradient evaluation took 3.8e-05 seconds
Chain 1: 1000 transitions using 10 leapfrog steps per transition would take 0.38 seconds.
Chain 1: Adjust your expectations accordingly!
Chain 1: 
Chain 1: 
Chain 1: Iteration:    1 / 3000 [  0%]  (Warmup)

SAMPLING FOR MODEL 'anon_model' NOW (CHAIN 2).
Chain 1: Iteration:   50 / 3000 [  1%]  (Warmup)
Chain 2: 
Chain 2: Gradient evaluation took 2.6e-05 seconds
Chain 2: 1000 transitions using 10 leapfrog steps per transition would take 0.26 seconds.
Chain 2: Adjust your expectations accordingly!
Chain 2: 
Chain 2: 
Chain 2: Iteration:    1 / 3000 [  0%]  (Warmup)
Chain 1: Iteration:  100 / 3000 [  3%]  (Warmup)
Chain 2: Iteration:   50 / 3000 [  1%]  (Warmup)
Chain 1: Iteration:  150 / 3000 [  5%]  (Warmup)

SAMPLING FOR MODEL 'anon_model' NOW (CHAIN 3).
Chain 2: Iteration:  100 / 3000 [  3%]  (Warmup)
Chain 3: 
Chain 3: Gradient evaluation took 2.2e-05 seconds
Chain 3: 1000 transitions using 10 leapfrog steps per transition would take 0.22 seconds.
Chain 3: Adjust your expectations accordingly!
Chain 3: 
Chain 3: 
Chain 3: Iteration:    1 / 3000 [  0%]  (Warmup)

SAMPLING FOR MODEL 'anon_model' NOW (CHAIN 4).
Chain 1: Iteration:  200 / 3000 [  6%]  (Warmup)
Chain 4: 
Chain 4: Gradient evaluation took 2.3e-05 seconds
Chain 4: 1000 transitions using 10 leapfrog steps per transition would take 0.23 seconds.
Chain 4: Adjust your expectations accordingly!
Chain 4: 
Chain 4: 
Chain 4: Iteration:    1 / 3000 [  0%]  (Warmup)
Chain 1: Iteration:  250 / 3000 [  8%]  (Warmup)
Chain 2: Iteration:  150 / 3000 [  5%]  (Warmup)
Chain 3: Iteration:   50 / 3000 [  1%]  (Warmup)
Chain 4: Iteration:   50 / 3000 [  1%]  (Warmup)
Chain 4: Iteration:  100 / 3000 [  3%]  (Warmup)
Chain 3: Iteration:  100 / 3000 [  3%]  (Warmup)
Chain 2: Iteration:  200 / 3000 [  6%]  (Warmup)
Chain 1: Iteration:  300 / 3000 [ 10%]  (Warmup)
Chain 2: Iteration:  250 / 3000 [  8%]  (Warmup)
Chain 1: Iteration:  350 / 3000 [ 11%]  (Warmup)
Chain 4: Iteration:  150 / 3000 [  5%]  (Warmup)
Chain 1: Iteration:  400 / 3000 [ 13%]  (Warmup)
Chain 2: Iteration:  300 / 3000 [ 10%]  (Warmup)
Chain 3: Iteration:  150 / 3000 [  5%]  (Warmup)
Chain 4: Iteration:  200 / 3000 [  6%]  (Warmup)
Chain 2: Iteration:  350 / 3000 [ 11%]  (Warmup)
Chain 1: Iteration:  450 / 3000 [ 15%]  (Warmup)
Chain 4: Iteration:  250 / 3000 [  8%]  (Warmup)
Chain 2: Iteration:  400 / 3000 [ 13%]  (Warmup)
Chain 1: Iteration:  500 / 3000 [ 16%]  (Warmup)
Chain 3: Iteration:  200 / 3000 [  6%]  (Warmup)
Chain 4: Iteration:  300 / 3000 [ 10%]  (Warmup)
Chain 2: Iteration:  450 / 3000 [ 15%]  (Warmup)
Chain 1: Iteration:  550 / 3000 [ 18%]  (Warmup)
Chain 3: Iteration:  250 / 3000 [  8%]  (Warmup)
Chain 4: Iteration:  350 / 3000 [ 11%]  (Warmup)
Chain 1: Iteration:  600 / 3000 [ 20%]  (Warmup)
Chain Chain 2: Iteration:  500 / 3000 [ 16%]  (Warmup)
3: Iteration:  300 / 3000 [ 10%]  (Warmup)
Chain 4: Iteration:  400 / 3000 [ 13%]  (Warmup)
Chain 1: Iteration:  650 / 3000 [ 21%]  (Warmup)
Chain 2: Iteration:  550 / 3000 [ 18%]  (Warmup)
Chain 3: Iteration:  350 / 3000 [ 11%]  (Warmup)
Chain 4: Iteration:  450 / 3000 [ 15%]  (Warmup)
Chain 1: Iteration:  700 / 3000 [ 23%]  (Warmup)
Chain 2: Iteration:  600 / 3000 [ 20%]  (Warmup)
Chain 3: Iteration:  400 / 3000 [ 13%]  (Warmup)
Chain 4: Iteration:  500 / 3000 [ 16%]  (Warmup)
Chain 1: Iteration:  750 / 3000 [ 25%]  (Warmup)
Chain 2: Iteration:  650 / 3000 [ 21%]  (Warmup)
Chain 3: Iteration:  450 / 3000 [ 15%]  (Warmup)
Chain 4: Iteration:  550 / 3000 [ 18%]  (Warmup)
Chain 1: Iteration:  800 / 3000 [ 26%]  (Warmup)
Chain 2: Iteration:  700 / 3000 [ 23%]  (Warmup)
Chain 3: Iteration:  500 / 3000 [ 16%]  (Warmup)
Chain 4: Iteration:  600 / 3000 [ 20%]  (Warmup)
Chain 1: Iteration:  850 / 3000 [ 28%]  (Warmup)
Chain 2: Iteration:  750 / 3000 [ 25%]  (Warmup)
Chain 3: Iteration:  550 / 3000 [ 18%]  (Warmup)
Chain 4: Iteration:  650 / 3000 [ 21%]  (Warmup)
Chain 1: Iteration:  900 / 3000 [ 30%]  (Warmup)
Chain 2: Iteration:  800 / 3000 [ 26%]  (Warmup)
Chain Chain Chain 32: : Iteration:  600 / 3000 [ 20%]  (Warmup)Iteration:  850 / 3000 [ 28%]  (Warmup)
4
: Iteration:  700 / 3000 [ 23%]  (Warmup)
Chain 1: Iteration:  950 / 3000 [ 31%]  (Warmup)
Chain 2: Iteration:  900 / 3000 [ 30%]  (Warmup)
Chain 4: Iteration:  750 / 3000 [ 25%]  (Warmup)
Chain 3: Iteration:  650 / 3000 [ 21%]  (Warmup)
Chain 2: Iteration:  950 / 3000 [ 31%]  (Warmup)
Chain 4: Iteration:  800 / 3000 [ 26%]  (Warmup)
Chain Chain 1: Iteration: 1000 / 3000 [ 33%]  (Warmup)
3: Iteration:  700 / 3000 [ 23%]  (Warmup)
Chain 1: Iteration: 1001 / 3000 [ 33%]  (Sampling)
Chain 4: Iteration:  850 / 3000 [ 28%]  (Warmup)
Chain 3: Iteration:  750 / 3000 [ 25%]  (Warmup)
Chain 1: Iteration: 1050 / 3000 [ 35%]  (Sampling)
Chain 2: Iteration: 1000 / 3000 [ 33%]  (Warmup)
Chain 2: Iteration: 1001 / 3000 [ 33%]  (Sampling)
Chain 4: Iteration:  900 / 3000 [ 30%]  (Warmup)
Chain 3: Iteration:  800 / 3000 [ 26%]  (Warmup)
Chain 1: Iteration: 1100 / 3000 [ 36%]  (Sampling)
Chain 2: Iteration: 1050 / 3000 [ 35%]  (Sampling)
Chain 4: Iteration:  950 / 3000 [ 31%]  (Warmup)
Chain 3: Iteration:  850 / 3000 [ 28%]  (Warmup)
Chain 2: Iteration: 1100 / 3000 [ 36%]  (Sampling)
Chain 1: Iteration: 1150 / 3000 [ 38%]  (Sampling)
Chain 3: Iteration:  900 / 3000 [ 30%]  (Warmup)
Chain 2: Iteration: 1150 / 3000 [ 38%]  (Sampling)
Chain 4: Iteration: 1000 / 3000 [ 33%]  (Warmup)
Chain 4: Iteration: 1001 / 3000 [ 33%]  (Sampling)
Chain 1: Iteration: 1200 / 3000 [ 40%]  (Sampling)
Chain 3: Iteration:  950 / 3000 [ 31%]  (Warmup)
Chain 2: Iteration: 1200 / 3000 [ 40%]  (Sampling)
Chain 4: Iteration: 1050 / 3000 [ 35%]  (Sampling)
Chain 1: Iteration: 1250 / 3000 [ 41%]  (Sampling)
Chain 3: Iteration: 1000 / 3000 [ 33%]  (Warmup)
Chain 3: Iteration: 1001 / 3000 [ 33%]  (Sampling)
Chain 2: Iteration: 1250 / 3000 [ 41%]  (Sampling)
Chain 3: Iteration: 1050 / 3000 [ 35%]  (Sampling)
Chain 1: Iteration: 1300 / 3000 [ 43%]  (Sampling)
Chain 4: Iteration: 1100 / 3000 [ 36%]  (Sampling)
Chain 2: Iteration: 1300 / 3000 [ 43%]  (Sampling)
Chain 3: Iteration: 1100 / 3000 [ 36%]  (Sampling)
Chain 1: Iteration: 1350 / 3000 [ 45%]  (Sampling)
Chain 4: Iteration: 1150 / 3000 [ 38%]  (Sampling)
Chain 2: Iteration: 1350 / 3000 [ 45%]  (Sampling)
Chain 3: Iteration: 1150 / 3000 [ 38%]  (Sampling)
Chain 1: Iteration: 1400 / 3000 [ 46%]  (Sampling)
Chain 4: Iteration: 1200 / 3000 [ 40%]  (Sampling)
Chain 2: Iteration: 1400 / 3000 [ 46%]  (Sampling)
Chain 3: Iteration: 1200 / 3000 [ 40%]  (Sampling)
Chain 1: Iteration: 1450 / 3000 [ 48%]  (Sampling)
Chain Chain 3: Iteration: 1250 / 3000 [ 41%]  (Sampling)
4: Iteration: 1250 / 3000 [ 41%]  (Sampling)
Chain 2: Iteration: 1450 / 3000 [ 48%]  (Sampling)
Chain 1: Iteration: 1500 / 3000 [ 50%]  (Sampling)
Chain 3: Iteration: 1300 / 3000 [ 43%]  (Sampling)
Chain 4: Iteration: 1300 / 3000 [ 43%]  (Sampling)
Chain 2: Iteration: 1500 / 3000 [ 50%]  (Sampling)
Chain 1: Iteration: 1550 / 3000 [ 51%]  (Sampling)
Chain 3: Iteration: 1350 / 3000 [ 45%]  (Sampling)
Chain 2: Iteration: 1550 / 3000 [ 51%]  (Sampling)
Chain 4: Iteration: 1350 / 3000 [ 45%]  (Sampling)
Chain 1: Iteration: 1600 / 3000 [ 53%]  (Sampling)
Chain 3: Iteration: 1400 / 3000 [ 46%]  (Sampling)
Chain 2: Iteration: 1600 / 3000 [ 53%]  (Sampling)
Chain 4: Iteration: 1400 / 3000 [ 46%]  (Sampling)
Chain 3: Iteration: 1450 / 3000 [ 48%]  (Sampling)
Chain 1: Iteration: 1650 / 3000 [ 55%]  (Sampling)
Chain 2: Iteration: 1650 / 3000 [ 55%]  (Sampling)
Chain 4: Iteration: 1450 / 3000 [ 48%]  (Sampling)
Chain 3: Iteration: 1500 / 3000 [ 50%]  (Sampling)
Chain 2: Iteration: 1700 / 3000 [ 56%]  (Sampling)
Chain 1: Iteration: 1700 / 3000 [ 56%]  (Sampling)
Chain 4: Iteration: 1500 / 3000 [ 50%]  (Sampling)
Chain 3: Iteration: 1550 / 3000 [ 51%]  (Sampling)
Chain 2: Iteration: 1750 / 3000 [ 58%]  (Sampling)
Chain 1: Iteration: 1750 / 3000 [ 58%]  (Sampling)
Chain Chain 3: Iteration: 1600 / 3000 [ 53%]  (Sampling)
4: Iteration: 1550 / 3000 [ 51%]  (Sampling)
Chain 2: Iteration: 1800 / 3000 [ 60%]  (Sampling)
Chain Chain 3: Iteration: 1650 / 3000 [ 55%]  (Sampling)1
: Iteration: 1800 / 3000 [ 60%]  (Sampling)
Chain 4: Iteration: 1600 / 3000 [ 53%]  (Sampling)
Chain 2: Iteration: 1850 / 3000 [ 61%]  (Sampling)
Chain 3: Iteration: 1700 / 3000 [ 56%]  (Sampling)
Chain 1: Iteration: 1850 / 3000 [ 61%]  (Sampling)
Chain 4: Iteration: 1650 / 3000 [ 55%]  (Sampling)
Chain 2: Iteration: 1900 / 3000 [ 63%]  (Sampling)
Chain 3: Iteration: 1750 / 3000 [ 58%]  (Sampling)
Chain 1: Iteration: 1900 / 3000 [ 63%]  (Sampling)
Chain 4: Iteration: 1700 / 3000 [ 56%]  (Sampling)
Chain 2: Iteration: 1950 / 3000 [ 65%]  (Sampling)
Chain 3: Iteration: 1800 / 3000 [ 60%]  (Sampling)
Chain 1: Iteration: 1950 / 3000 [ 65%]  (Sampling)
Chain 2: Iteration: 2000 / 3000 [ 66%]  (Sampling)
Chain 4: Iteration: 1750 / 3000 [ 58%]  (Sampling)
Chain 3: Iteration: 1850 / 3000 [ 61%]  (Sampling)
Chain 1: Iteration: 2000 / 3000 [ 66%]  (Sampling)
Chain 2: Iteration: 2050 / 3000 [ 68%]  (Sampling)
Chain 4: Iteration: 1800 / 3000 [ 60%]  (Sampling)
Chain 3: Iteration: 1900 / 3000 [ 63%]  (Sampling)
Chain 1: Iteration: 2050 / 3000 [ 68%]  (Sampling)
Chain 2: Iteration: 2100 / 3000 [ 70%]  (Sampling)
Chain 3: Iteration: 1950 / 3000 [ 65%]  (Sampling)
Chain 4: Iteration: 1850 / 3000 [ 61%]  (Sampling)
Chain 1: Iteration: 2100 / 3000 [ 70%]  (Sampling)
Chain 2: Iteration: 2150 / 3000 [ 71%]  (Sampling)
Chain 4: Iteration: 1900 / 3000 [ 63%]  (Sampling)
Chain 3: Iteration: 2000 / 3000 [ 66%]  (Sampling)
Chain 2: Iteration: 2200 / 3000 [ 73%]  (Sampling)
Chain 1: Iteration: 2150 / 3000 [ 71%]  (Sampling)
Chain 3: Iteration: 2050 / 3000 [ 68%]  (Sampling)
Chain 4: Iteration: 1950 / 3000 [ 65%]  (Sampling)
Chain 2: Iteration: 2250 / 3000 [ 75%]  (Sampling)
Chain 3: Iteration: 2100 / 3000 [ 70%]  (Sampling)
Chain 1: Iteration: 2200 / 3000 [ 73%]  (Sampling)
Chain 4: Iteration: 2000 / 3000 [ 66%]  (Sampling)
Chain 2: Iteration: 2300 / 3000 [ 76%]  (Sampling)
Chain 3: Iteration: 2150 / 3000 [ 71%]  (Sampling)
Chain 1: Iteration: 2250 / 3000 [ 75%]  (Sampling)
Chain 4: Iteration: 2050 / 3000 [ 68%]  (Sampling)
Chain 2: Iteration: 2350 / 3000 [ 78%]  (Sampling)
Chain 3: Iteration: 2200 / 3000 [ 73%]  (Sampling)
Chain 1: Iteration: 2300 / 3000 [ 76%]  (Sampling)
Chain 4: Iteration: 2100 / 3000 [ 70%]  (Sampling)
Chain 3: Iteration: 2250 / 3000 [ 75%]  (Sampling)
Chain 2: Iteration: 2400 / 3000 [ 80%]  (Sampling)
Chain 1: Iteration: 2350 / 3000 [ 78%]  (Sampling)
Chain 4: Iteration: 2150 / 3000 [ 71%]  (Sampling)
Chain 3: Iteration: 2300 / 3000 [ 76%]  (Sampling)
Chain 2: Iteration: 2450 / 3000 [ 81%]  (Sampling)
Chain 1: Iteration: 2400 / 3000 [ 80%]  (Sampling)
Chain Chain 3: Iteration: 2350 / 3000 [ 78%]  (Sampling)
4: Iteration: 2200 / 3000 [ 73%]  (Sampling)
Chain 2: Iteration: 2500 / 3000 [ 83%]  (Sampling)
Chain 3: Iteration: 2400 / 3000 [ 80%]  (Sampling)
Chain Chain 4: Iteration: 2250 / 3000 [ 75%]  (Sampling)
1: Iteration: 2450 / 3000 [ 81%]  (Sampling)
Chain 2: Iteration: 2550 / 3000 [ 85%]  (Sampling)
Chain 3: Iteration: 2450 / 3000 [ 81%]  (Sampling)
Chain 4: Iteration: 2300 / 3000 [ 76%]  (Sampling)
Chain 1: Iteration: 2500 / 3000 [ 83%]  (Sampling)
Chain 2: Iteration: 2600 / 3000 [ 86%]  (Sampling)
Chain 3: Iteration: 2500 / 3000 [ 83%]  (Sampling)
Chain 1: Iteration: 2550 / 3000 [ 85%]  (Sampling)
Chain Chain 4: Iteration: 2350 / 3000 [ 78%]  (Sampling)3
: Iteration: 2550 / 3000 [ 85%]  (Sampling)
Chain 2: Iteration: 2650 / 3000 [ 88%]  (Sampling)
Chain 1: Iteration: 2600 / 3000 [ 86%]  (Sampling)
Chain 3: Iteration: 2600 / 3000 [ 86%]  (Sampling)
Chain 4: Iteration: 2400 / 3000 [ 80%]  (Sampling)
Chain 2: Iteration: 2700 / 3000 [ 90%]  (Sampling)
Chain 3: Iteration: 2650 / 3000 [ 88%]  (Sampling)
Chain 4: Iteration: 2450 / 3000 [ 81%]  (Sampling)
Chain 1: Iteration: 2650 / 3000 [ 88%]  (Sampling)
Chain 2: Iteration: 2750 / 3000 [ 91%]  (Sampling)
Chain 3: Iteration: 2700 / 3000 [ 90%]  (Sampling)
Chain 1: Iteration: 2700 / 3000 [ 90%]  (Sampling)
Chain 4: Iteration: 2500 / 3000 [ 83%]  (Sampling)
Chain 2: Iteration: 2800 / 3000 [ 93%]  (Sampling)
Chain 3: Iteration: 2750 / 3000 [ 91%]  (Sampling)
Chain 1: Iteration: 2750 / 3000 [ 91%]  (Sampling)
Chain 4: Iteration: 2550 / 3000 [ 85%]  (Sampling)
Chain 3: Iteration: 2800 / 3000 [ 93%]  (Sampling)
Chain 2: Iteration: 2850 / 3000 [ 95%]  (Sampling)
Chain 1: Iteration: 2800 / 3000 [ 93%]  (Sampling)
Chain 4: Iteration: 2600 / 3000 [ 86%]  (Sampling)
Chain 3: Iteration: 2850 / 3000 [ 95%]  (Sampling)
Chain 2: Iteration: 2900 / 3000 [ 96%]  (Sampling)
Chain 1: Iteration: 2850 / 3000 [ 95%]  (Sampling)
Chain 4: Iteration: 2650 / 3000 [ 88%]  (Sampling)
Chain 2: Iteration: 2950 / 3000 [ 98%]  (Sampling)
Chain 3: Iteration: 2900 / 3000 [ 96%]  (Sampling)
Chain 1: Iteration: 2900 / 3000 [ 96%]  (Sampling)
Chain 4: Iteration: 2700 / 3000 [ 90%]  (Sampling)
Chain 3: Iteration: 2950 / 3000 [ 98%]  (Sampling)
Chain 2: Iteration: 3000 / 3000 [100%]  (Sampling)
Chain 2: 
Chain 2:  Elapsed Time: 0.051 seconds (Warm-up)
Chain 2:                0.108 seconds (Sampling)
Chain 2:                0.159 seconds (Total)
Chain 2: 
Chain 1: Iteration: 2950 / 3000 [ 98%]  (Sampling)
Chain 3: Iteration: 3000 / 3000 [100%]  (Sampling)
Chain 3: 
Chain 3:  Elapsed Time: 0.058 seconds (Warm-up)
Chain 3:                0.097 seconds (Sampling)
Chain 3:                0.155 seconds (Total)
Chain 3: 
Chain 4: Iteration: 2750 / 3000 [ 91%]  (Sampling)
Chain 1: Iteration: 3000 / 3000 [100%]  (Sampling)
Chain 1: 
Chain 1:  Elapsed Time: 0.052 seconds (Warm-up)
Chain 1:                0.115 seconds (Sampling)
Chain 1:                0.167 seconds (Total)
Chain 1: 
Chain 4: Iteration: 2800 / 3000 [ 93%]  (Sampling)
Chain 4: Iteration: 2850 / 3000 [ 95%]  (Sampling)
Chain 4: Iteration: 2900 / 3000 [ 96%]  (Sampling)
Chain 4: Iteration: 2950 / 3000 [ 98%]  (Sampling)
Chain 4: Iteration: 3000 / 3000 [100%]  (Sampling)
Chain 4: 
Chain 4:  Elapsed Time: 0.052 seconds (Warm-up)
Chain 4:                0.114 seconds (Sampling)
Chain 4:                0.166 seconds (Total)
Chain 4: 
FIT_END binary Null PASS 
Error in `[.data.frame`(bundle$fit$data, , names(spec$data), drop = FALSE) : 
  undefined columns selected
Calls: validate_fitted_bundle_v3 ... isTRUE -> all.equal -> as.data.frame -> [ -> [.data.frame
Execution halted
