UPLOAD v3.1-complete-evidence.zip.part003: 33.6% read from source
UPLOAD v3.1-complete-evidence.zip.part003: 100.0% read from source
UPLOAD v3.1-complete-evidence.zip.part003: 100.0% read from source
{
  "status": "REMOTE_SHA256_AND_SIZE_VERIFIED",
  "release_id": 392906459,
  "asset_id": 578938533,
  "name": "v3.1-complete-evidence.zip.part003",
  "bytes": 16777216,
  "sha256": "8dfaf836707c3d98a7863545d4943e5e331e4d35bfb2df15491076c7e2561603",
  "server_digest": "sha256:8dfaf836707c3d98a7863545d4943e5e331e4d35bfb2df15491076c7e2561603",
  "url": "https://github.com/xlminfei/066/releases/download/untagged-d0268d505fccee0f9245/v3.1-complete-evidence.zip.part003"
}
UPLOAD v3.1-complete-evidence.zip.part005: 33.6% read from source
UPLOAD v3.1-complete-evidence.zip.part005: 100.0% read from source
{
  "status": "REMOTE_SHA256_AND_SIZE_VERIFIED",
  "release_id": 392906459,
  "asset_id": 578939418,
  "name": "v3.1-complete-evidence.zip.part005",
  "bytes": 16777216,
  "sha256": "0b05d9043186b14f9945fec35c16d63f1573f92cecbf32144f87d3581ef64123",
  "server_digest": "sha256:0b05d9043186b14f9945fec35c16d63f1573f92cecbf32144f87d3581ef64123",
  "url": "https://github.com/xlminfei/066/releases/download/untagged-d0268d505fccee0f9245/v3.1-complete-evidence.zip.part005"
}
UPLOAD v3.1-complete-evidence.zip.part007: 100.0% read from source
{
  "status": "REMOTE_SHA256_AND_SIZE_VERIFIED",
  "release_id": 392906459,
  "asset_id": 578940010,
  "name": "v3.1-complete-evidence.zip.part007",
  "bytes": 16777216,
  "sha256": "84d90bc6d1df84c9e6d8c28aa37afefca9ebd00f9fd5969b46d7319ef794c932",
  "server_digest": "sha256:84d90bc6d1df84c9e6d8c28aa37afefca9ebd00f9fd5969b46d7319ef794c932",
  "url": "https://github.com/xlminfei/066/releases/download/untagged-d0268d505fccee0f9245/v3.1-complete-evidence.zip.part007"
}
UPLOAD v3.1-complete-evidence.zip.part009: 33.6% read from source
UPLOAD v3.1-complete-evidence.zip.part009: 33.6% read from source
UPLOAD v3.1-complete-evidence.zip.part009: 33.6% read from source
UPLOAD v3.1-complete-evidence.zip.part009: 33.6% read from source
UPLOAD v3.1-complete-evidence.zip.part009: 33.6% read from source
UPLOAD v3.1-complete-evidence.zip.part009: 33.6% read from source
UPLOAD v3.1-complete-evidence.zip.part009: 33.6% read from source
UPLOAD v3.1-complete-evidence.zip.part009: 53.9% read from source
UPLOAD v3.1-complete-evidence.zip.part009: 53.9% read from source
UPLOAD v3.1-complete-evidence.zip.part009: 53.9% read from source
UPLOAD v3.1-complete-evidence.zip.part009: 53.9% read from source
UPLOAD v3.1-complete-evidence.zip.part009: 53.9% read from source
UPLOAD v3.1-complete-evidence.zip.part009: 53.9% read from source
UPLOAD v3.1-complete-evidence.zip.part009: 53.9% read from source
UPLOAD v3.1-complete-evidence.zip.part009: 100.0% read from source
UPLOAD v3.1-complete-evidence.zip.part009: 100.0% read from source
{
  "status": "REMOTE_SHA256_AND_SIZE_VERIFIED",
  "release_id": 392906459,
  "asset_id": 578940331,
  "name": "v3.1-complete-evidence.zip.part009",
  "bytes": 16777216,
  "sha256": "990400955d905cd2f996ea8e1b6ef0750580c98c7dfd1b372b0f7e805857fe51",
  "server_digest": "sha256:990400955d905cd2f996ea8e1b6ef0750580c98c7dfd1b372b0f7e805857fe51",
  "url": "https://github.com/xlminfei/066/releases/download/untagged-d0268d505fccee0f9245/v3.1-complete-evidence.zip.part009"
}
UPLOAD v3.1-complete-evidence.zip.part011: 33.6% read from source
UPLOAD v3.1-complete-evidence.zip.part011: 100.0% read from source
UPLOAD v3.1-complete-evidence.zip.part011: 100.0% read from source
{
  "status": "REMOTE_SHA256_AND_SIZE_VERIFIED",
  "release_id": 392906459,
  "asset_id": 578944882,
  "name": "v3.1-complete-evidence.zip.part011",
  "bytes": 16777216,
  "sha256": "0faf03f694972080de63d6e9ade92f9937e51366daccc383c4d7deb4926ccd66",
  "server_digest": "sha256:0faf03f694972080de63d6e9ade92f9937e51366daccc383c4d7deb4926ccd66",
  "url": "https://github.com/xlminfei/066/releases/download/untagged-d0268d505fccee0f9245/v3.1-complete-evidence.zip.part011"
}
UPLOAD v3.1-complete-evidence.zip.part013: 100.0% read from source
UPLOAD v3.1-complete-evidence.zip.part013: 100.0% read from source
{
  "status": "REMOTE_SHA256_AND_SIZE_VERIFIED",
  "release_id": 392906459,
  "asset_id": 578945756,
  "name": "v3.1-complete-evidence.zip.part013",
  "bytes": 16777216,
  "sha256": "77bd3d3b8bf10e3e6d8a42a2db243bca308830ccbecb7f04d8007267abff3b6e",
  "server_digest": "sha256:77bd3d3b8bf10e3e6d8a42a2db243bca308830ccbecb7f04d8007267abff3b6e",
  "url": "https://github.com/xlminfei/066/releases/download/untagged-d0268d505fccee0f9245/v3.1-complete-evidence.zip.part013"
}
UPLOAD v3.1-complete-evidence.zip.part015: 33.6% read from source
UPLOAD v3.1-complete-evidence.zip.part015: 33.6% read from source
UPLOAD v3.1-complete-evidence.zip.part015: 33.6% read from source
UPLOAD v3.1-complete-evidence.zip.part015: 33.6% read from source
UPLOAD v3.1-complete-evidence.zip.part015: 33.6% read from source
UPLOAD v3.1-complete-evidence.zip.part015: 33.6% read from source
UPLOAD v3.1-complete-evidence.zip.part015: 100.0% read from source
UPLOAD v3.1-complete-evidence.zip.part015: 100.0% read from source
{
  "status": "REMOTE_SHA256_AND_SIZE_VERIFIED",
  "release_id": 392906459,
  "asset_id": 578946396,
  "name": "v3.1-complete-evidence.zip.part015",
  "bytes": 16777216,
  "sha256": "2bd88d6c756efe6906c22ab3f4a88b348eda595b06fed3fe31cde3836b235f24",
  "server_digest": "sha256:2bd88d6c756efe6906c22ab3f4a88b348eda595b06fed3fe31cde3836b235f24",
  "url": "https://github.com/xlminfei/066/releases/download/untagged-d0268d505fccee0f9245/v3.1-complete-evidence.zip.part015"
}
UPLOAD v3.1-complete-evidence.zip.part017: 33.6% read from source
UPLOAD v3.1-complete-evidence.zip.part017: 33.6% read from source
UPLOAD v3.1-complete-evidence.zip.part017: 53.9% read from source
UPLOAD v3.1-complete-evidence.zip.part017: 100.0% read from source
UPLOAD v3.1-complete-evidence.zip.part017: 100.0% read from source
{
  "status": "REMOTE_SHA256_AND_SIZE_VERIFIED",
  "release_id": 392906459,
  "asset_id": 578948919,
  "name": "v3.1-complete-evidence.zip.part017",
  "bytes": 16777216,
  "sha256": "18f21bd7f4e628175a02d142b43e2f4357e9e661004ef46821ecc87b9c45aeb8",
  "server_digest": "sha256:18f21bd7f4e628175a02d142b43e2f4357e9e661004ef46821ecc87b9c45aeb8",
  "url": "https://github.com/xlminfei/066/releases/download/untagged-d0268d505fccee0f9245/v3.1-complete-evidence.zip.part017"
}
UPLOAD v3.1-complete-evidence.zip.part019: 88.3% read from source
UPLOAD v3.1-complete-evidence.zip.part019: 100.0% read from source
{
  "status": "REMOTE_SHA256_AND_SIZE_VERIFIED",
  "release_id": 392906459,
  "asset_id": 578950415,
  "name": "v3.1-complete-evidence.zip.part019",
  "bytes": 16777216,
  "sha256": "f29c584e124ed662ad26c7af7432fe837541c4645c6133e389116b9e071d99f3",
  "server_digest": "sha256:f29c584e124ed662ad26c7af7432fe837541c4645c6133e389116b9e071d99f3",
  "url": "https://github.com/xlminfei/066/releases/download/untagged-d0268d505fccee0f9245/v3.1-complete-evidence.zip.part019"
}
UPLOAD v3.1-complete-evidence.zip.part021: 100.0% read from source
{
  "status": "REMOTE_SHA256_AND_SIZE_VERIFIED",
  "release_id": 392906459,
  "asset_id": 578951092,
  "name": "v3.1-complete-evidence.zip.part021",
  "bytes": 16777216,
  "sha256": "e89446629d64284b59e8d27b6c345e92d5792390f4369d9c50b4d5b971e5d137",
  "server_digest": "sha256:e89446629d64284b59e8d27b6c345e92d5792390f4369d9c50b4d5b971e5d137",
  "url": "https://github.com/xlminfei/066/releases/download/untagged-d0268d505fccee0f9245/v3.1-complete-evidence.zip.part021"
}
UPLOAD v3.1-complete-evidence.zip.part023: 88.3% read from source
UPLOAD v3.1-complete-evidence.zip.part023: 100.0% read from source
{
  "status": "REMOTE_SHA256_AND_SIZE_VERIFIED",
  "release_id": 392906459,
  "asset_id": 578951563,
  "name": "v3.1-complete-evidence.zip.part023",
  "bytes": 16777216,
  "sha256": "8e4402f003bacdfadb6209e6a22d00803f54891d68fc7eef1b8f8a8f8a1a13d7",
  "server_digest": "sha256:8e4402f003bacdfadb6209e6a22d00803f54891d68fc7eef1b8f8a8f8a1a13d7",
  "url": "https://github.com/xlminfei/066/releases/download/untagged-d0268d505fccee0f9245/v3.1-complete-evidence.zip.part023"
}
