UPLOAD v3.1-complete-evidence.zip.part002: 88.3% read from source
UPLOAD v3.1-complete-evidence.zip.part002: 100.0% read from source
{
  "status": "REMOTE_SHA256_AND_SIZE_VERIFIED",
  "release_id": 392906459,
  "asset_id": 578936551,
  "name": "v3.1-complete-evidence.zip.part002",
  "bytes": 16777216,
  "sha256": "6d7b658366ee8551531c755739879c3ba9143146fb496cc8453ee26c3fa40db4",
  "server_digest": "sha256:6d7b658366ee8551531c755739879c3ba9143146fb496cc8453ee26c3fa40db4",
  "url": "https://github.com/xlminfei/066/releases/download/untagged-d0268d505fccee0f9245/v3.1-complete-evidence.zip.part002"
}
UPLOAD v3.1-complete-evidence.zip.part004: 100.0% read from source
UPLOAD v3.1-complete-evidence.zip.part004: 100.0% read from source
{
  "status": "REMOTE_SHA256_AND_SIZE_VERIFIED",
  "release_id": 392906459,
  "asset_id": 578937194,
  "name": "v3.1-complete-evidence.zip.part004",
  "bytes": 16777216,
  "sha256": "6df6919e760ed94acdda38e05b212dbacdf6d470b15369febd9dc4ca32883779",
  "server_digest": "sha256:6df6919e760ed94acdda38e05b212dbacdf6d470b15369febd9dc4ca32883779",
  "url": "https://github.com/xlminfei/066/releases/download/untagged-d0268d505fccee0f9245/v3.1-complete-evidence.zip.part004"
}
UPLOAD v3.1-complete-evidence.zip.part006: 100.0% read from source
UPLOAD v3.1-complete-evidence.zip.part006: 100.0% read from source
{
  "status": "REMOTE_SHA256_AND_SIZE_VERIFIED",
  "release_id": 392906459,
  "asset_id": 578937730,
  "name": "v3.1-complete-evidence.zip.part006",
  "bytes": 16777216,
  "sha256": "2f09b702fb4a5ff388f2c3bee704819d9c64ed12b4bdf907a71e2a8dec93b261",
  "server_digest": "sha256:2f09b702fb4a5ff388f2c3bee704819d9c64ed12b4bdf907a71e2a8dec93b261",
  "url": "https://github.com/xlminfei/066/releases/download/untagged-d0268d505fccee0f9245/v3.1-complete-evidence.zip.part006"
}
UPLOAD v3.1-complete-evidence.zip.part008: 53.9% read from source
UPLOAD v3.1-complete-evidence.zip.part008: 100.0% read from source
{
  "status": "REMOTE_SHA256_AND_SIZE_VERIFIED",
  "release_id": 392906459,
  "asset_id": 578938326,
  "name": "v3.1-complete-evidence.zip.part008",
  "bytes": 16777216,
  "sha256": "cfef0d11ea307a7747301787e46d2da1895069ae1712ce8e0edf6fcf4233c50f",
  "server_digest": "sha256:cfef0d11ea307a7747301787e46d2da1895069ae1712ce8e0edf6fcf4233c50f",
  "url": "https://github.com/xlminfei/066/releases/download/untagged-d0268d505fccee0f9245/v3.1-complete-evidence.zip.part008"
}
UPLOAD v3.1-complete-evidence.zip.part010: 33.6% read from source
UPLOAD v3.1-complete-evidence.zip.part010: 53.9% read from source
UPLOAD v3.1-complete-evidence.zip.part010: 100.0% read from source
{
  "status": "REMOTE_SHA256_AND_SIZE_VERIFIED",
  "release_id": 392906459,
  "asset_id": 578938874,
  "name": "v3.1-complete-evidence.zip.part010",
  "bytes": 16777216,
  "sha256": "08001af2c5adb40f703b9f631f2dac2857adab25409e28e6e8b7f45fef18da62",
  "server_digest": "sha256:08001af2c5adb40f703b9f631f2dac2857adab25409e28e6e8b7f45fef18da62",
  "url": "https://github.com/xlminfei/066/releases/download/untagged-d0268d505fccee0f9245/v3.1-complete-evidence.zip.part010"
}
UPLOAD v3.1-complete-evidence.zip.part012: 100.0% read from source
{
  "status": "REMOTE_SHA256_AND_SIZE_VERIFIED",
  "release_id": 392906459,
  "asset_id": 578939863,
  "name": "v3.1-complete-evidence.zip.part012",
  "bytes": 16777216,
  "sha256": "d3439d32bec2a197e07446f8c5bf060c922c493fb28447c20c86cb8527647b54",
  "server_digest": "sha256:d3439d32bec2a197e07446f8c5bf060c922c493fb28447c20c86cb8527647b54",
  "url": "https://github.com/xlminfei/066/releases/download/untagged-d0268d505fccee0f9245/v3.1-complete-evidence.zip.part012"
}
UPLOAD v3.1-complete-evidence.zip.part014: 53.9% read from source
UPLOAD v3.1-complete-evidence.zip.part014: 53.9% read from source
UPLOAD v3.1-complete-evidence.zip.part014: 100.0% read from source
UPLOAD v3.1-complete-evidence.zip.part014: 100.0% read from source
{
  "status": "REMOTE_SHA256_AND_SIZE_VERIFIED",
  "release_id": 392906459,
  "asset_id": 578940144,
  "name": "v3.1-complete-evidence.zip.part014",
  "bytes": 16777216,
  "sha256": "6655ed81cf0f7a89682b54c8a1b9df4ee0b647aeb3fb5c76080044055ee6b41c",
  "server_digest": "sha256:6655ed81cf0f7a89682b54c8a1b9df4ee0b647aeb3fb5c76080044055ee6b41c",
  "url": "https://github.com/xlminfei/066/releases/download/untagged-d0268d505fccee0f9245/v3.1-complete-evidence.zip.part014"
}
UPLOAD v3.1-complete-evidence.zip.part016: 88.3% read from source
UPLOAD v3.1-complete-evidence.zip.part016: 100.0% read from source
{
  "status": "REMOTE_SHA256_AND_SIZE_VERIFIED",
  "release_id": 392906459,
  "asset_id": 578941210,
  "name": "v3.1-complete-evidence.zip.part016",
  "bytes": 16777216,
  "sha256": "fd987221c5c23334c957bac8dce9349a8a064012cef925246008291cc1dc1e91",
  "server_digest": "sha256:fd987221c5c23334c957bac8dce9349a8a064012cef925246008291cc1dc1e91",
  "url": "https://github.com/xlminfei/066/releases/download/untagged-d0268d505fccee0f9245/v3.1-complete-evidence.zip.part016"
}
UPLOAD v3.1-complete-evidence.zip.part018: 33.6% read from source
UPLOAD v3.1-complete-evidence.zip.part018: 100.0% read from source
UPLOAD v3.1-complete-evidence.zip.part018: 100.0% read from source
{
  "status": "REMOTE_SHA256_AND_SIZE_VERIFIED",
  "release_id": 392906459,
  "asset_id": 578941978,
  "name": "v3.1-complete-evidence.zip.part018",
  "bytes": 16777216,
  "sha256": "468107de3108349d3d6fb7498c5123aa2e1ddad08927fa8d7950bc2aaa81429c",
  "server_digest": "sha256:468107de3108349d3d6fb7498c5123aa2e1ddad08927fa8d7950bc2aaa81429c",
  "url": "https://github.com/xlminfei/066/releases/download/untagged-d0268d505fccee0f9245/v3.1-complete-evidence.zip.part018"
}
UPLOAD v3.1-complete-evidence.zip.part020: 100.0% read from source
{
  "status": "REMOTE_SHA256_AND_SIZE_VERIFIED",
  "release_id": 392906459,
  "asset_id": 578942665,
  "name": "v3.1-complete-evidence.zip.part020",
  "bytes": 16777216,
  "sha256": "ed876fa42d96e279f39e5260afe820e7a590f628e4b2e7aee80d14cfd20ff3cc",
  "server_digest": "sha256:ed876fa42d96e279f39e5260afe820e7a590f628e4b2e7aee80d14cfd20ff3cc",
  "url": "https://github.com/xlminfei/066/releases/download/untagged-d0268d505fccee0f9245/v3.1-complete-evidence.zip.part020"
}
UPLOAD v3.1-complete-evidence.zip.part022: 88.3% read from source
UPLOAD v3.1-complete-evidence.zip.part022: 100.0% read from source
{
  "status": "REMOTE_SHA256_AND_SIZE_VERIFIED",
  "release_id": 392906459,
  "asset_id": 578942964,
  "name": "v3.1-complete-evidence.zip.part022",
  "bytes": 16777216,
  "sha256": "89ba70d5a2b1d3356ade8e4fb643bac6cf6e91178caaa23329dcf159c8394b6b",
  "server_digest": "sha256:89ba70d5a2b1d3356ade8e4fb643bac6cf6e91178caaa23329dcf159c8394b6b",
  "url": "https://github.com/xlminfei/066/releases/download/untagged-d0268d505fccee0f9245/v3.1-complete-evidence.zip.part022"
}
UPLOAD v3.1-complete-evidence.zip.part024: 100.0% read from source
{
  "status": "REMOTE_SHA256_AND_SIZE_VERIFIED",
  "release_id": 392906459,
  "asset_id": 578943671,
  "name": "v3.1-complete-evidence.zip.part024",
  "bytes": 607425,
  "sha256": "7f82f63d0a5bda64454d0ce4f1480856f9e92af514d5dda3faebe8c7b5079597",
  "server_digest": "sha256:7f82f63d0a5bda64454d0ce4f1480856f9e92af514d5dda3faebe8c7b5079597",
  "url": "https://github.com/xlminfei/066/releases/download/untagged-d0268d505fccee0f9245/v3.1-complete-evidence.zip.part024"
}
