Untracing function "install.packages" in package "utils"
All locked package versions already match; no restoration required.
ENVIRONMENT_VERIFIED: R 4.6.1; 79 locked packages; complete Depends/Imports/LinkingTo closure.
RUNTIME_LIBRARY=/usr/local/lib/R/site-library 
PASS: all 79 locked package versions, full dependency closure, and model namespaces.
- Lockfile written to "/tmp/RtmpCJ5Fzh/file16ce051b0.lock".
NULL
PASS: altered R-version lock is rejected.
- Lockfile written to "/tmp/RtmpCJ5Fzh/file1742e2439.lock".
NULL
PASS: missing transitive dependency in lock is rejected.
- Querying repositories for available source packages ... Done!
The following package(s) will be updated:

# RSPM -----------------------------------------------------------------------
- abind   [* -> 1.4-8]

# Downloading packages -------------------------------------------------------
[?25l
  (0/1) Downloading: abind                                                      
                                                                                
[32m✔[0m abind 1.4-8                              [22 kB in 0.36s]

                                                                                
Successfully downloaded 1 package in 0.61 seconds.

# Installing packages --------------------------------------------------------

  (0/1) Installing: abind                                                       
  (0/1) Installing: abind                                                       
                                                                                
[32m✔[0m abind 1.4-8                              [built from source in 1.9s]
Successfully installed 1 package in 2 seconds.
[?25hPASS: pinned RSPM/CRAN dependency restored into a clean temporary library.
ENVIRONMENT_TESTS_PASS; no MCMC was run.
