PASS 16 synthetic posterior strata and all three record types recompute
PASS OOF audit covers every held-out row without sampling
PASS R independent raw likelihood matches moderate oracle
PASS tampered OOF can still produce internally consistent downstream metrics
PASS OOF corruption is caught even if downstream metrics were regenerated
PASS raw log-score tampering fails posterior audit
PASS inactive joint probability must remain NA
PASS interval observations cannot become pseudo point targets
PASS count predictive distribution label cannot be changed
PASS duplicate OOF records are rejected
PASS fixture posterior cannot pass without explicit fixture opt-in
PASS stale encoded state is rejected
PASS every panel row is recomputed for every route/model/training fixture
PASS wrong full-panel posterior mean is rejected
PASS wrong full-panel predictive interval is rejected
PASS duplicated full-panel species is rejected
PASS small-grid model/training comparisons include exact keys and recomputed values
PASS missing model comparison key is rejected
PASS duplicated training comparison key is rejected
PASS reversed/incorrect comparison identity is rejected
PASS comparison value tampering is rejected after grid validation
PASS formal comparison universe is 48 plus 32 without fitting
PASS independent R likelihood handles the old upper-tail counterexample
PASS independent R likelihood handles the old lower-tail counterexample
PASS fraction-scale quadrature resolves a 1e-12 uniform interval
PASS comparison roundtrip tolerates benign CSV type differences
PASS NaN cannot masquerade as an inactive NA
PASS newly required numeric fields cannot silently disappear
PREDICTION_AUDIT_PASS: synthetic fixtures and tampering negatives only; no research fits
