$stage
[1] "after"

$status
[1] "FAIL_REPRODUCED"

$checks
[1] 151

$passed
[1] 148

$failed
[1] 3

$sampler_callback_calls
[1] 0

$actual_samplers_started
[1] 0

$real_data_fits
[1] 0

                                    Test        Kind ExpectedError Rejected
148 interval_only_missing_PredictedPoint joint_range          TRUE    FALSE
149  interval_only_missing_ObservedPoint joint_range          TRUE    FALSE
150         duplicate_joint_point_column joint_range          TRUE    FALSE
     Pass  Message
148 FALSE accepted
149 FALSE accepted
150 FALSE accepted
Error: Input guard regression failed
Execution halted
