                     id       a       b   lo   hi      Actual   Reference
1 review_counterexample 1.0e-08 1.0e-08 0.40 0.50 -20.0165484 -20.0165484
2             tiny_wide 1.0e-08 1.0e-08 0.10 0.90 -17.6334857 -17.6334858
3             tiny_left 1.0e-07 2.0e-01 0.30 0.40 -17.0208933 -17.0208933
4            tiny_right 2.0e-01 1.0e-07 0.40 0.50 -17.1810007 -17.1810007
5              moderate 2.5e+00 7.5e+00 0.20 0.60  -0.5305955  -0.5305955
6        narrow_uniform 1.0e+00 1.0e+00 0.45 0.45 -27.6310432 -27.6310432
7           narrow_beta 2.5e+00 7.5e+00 0.45 0.45 -27.7319649 -27.7319649
      AbsError      Allowed  Pass
1 2.076942e-08 2.001655e-09 FALSE
2 8.621150e-09 1.763349e-09 FALSE
3 2.842171e-14 1.702089e-09  TRUE
4 1.421085e-14 1.718100e-09  TRUE
5 2.220446e-16 1.000000e-10  TRUE
6 0.000000e+00 2.763104e-09  TRUE
7 3.552714e-15 2.773196e-09  TRUE
$stage
[1] "before"

$status
[1] "FAIL_REPRODUCED"

$cases
[1] 7

$failures
[1] 2

$vector_pass
[1] FALSE

$max_abs_error
[1] 2.076942e-08

$formal_research_fits
[1] 0

$posterior_sampling
[1] FALSE

R_AUDIT_FAILURE_REPRODUCED
