#0 building with "desktop-linux" instance using docker driver

#1 [internal] load build definition from Dockerfile
#1 transferring dockerfile: 951B 0.0s done
#1 DONE 0.1s

#2 [internal] load metadata for docker.io/rocker/r2u:24.04@sha256:dc2a96c3b368969635c25c177c64514ba8e37cf2259dd3584de7c33520191d92
#2 DONE 4.1s

#3 [internal] load .dockerignore
#3 transferring context: 2B done
#3 DONE 0.0s

#4 [internal] load build context
#4 DONE 0.0s

#5 [1/6] FROM docker.io/rocker/r2u:24.04@sha256:dc2a96c3b368969635c25c177c64514ba8e37cf2259dd3584de7c33520191d92
#5 resolve docker.io/rocker/r2u:24.04@sha256:dc2a96c3b368969635c25c177c64514ba8e37cf2259dd3584de7c33520191d92 0.0s done
#5 DONE 0.0s

#6 [2/6] RUN apt-get update && apt-get install -y --no-install-recommends     r-cran-brms r-cran-rstan r-cran-posterior r-cran-digest     ca-certificates curl cmake pandoc     && rm -rf /var/lib/apt/lists/*
#6 CACHED

#4 [internal] load build context
#4 transferring context: 183.63kB 0.0s done
#4 DONE 0.1s

#7 [3/6] COPY renv.lock /opt/ratio-analysis-v3.3/renv.lock
#7 DONE 0.1s

#8 [4/6] COPY scripts/restore_environment.R /opt/ratio-analysis-v3.3/scripts/restore_environment.R
#8 DONE 0.1s

#9 [5/6] RUN Rscript /opt/ratio-analysis-v3.3/scripts/restore_environment.R     --lockfile /opt/ratio-analysis-v3.3/renv.lock     --library /usr/local/lib/R/site-library
#9 0.590 Untracing function "install.packages" in package "utils"
#9 0.654 trying URL 'https://cran.r-project.org/src/contrib/renv_1.2.4.tar.gz'
#9 3.603 Content type 'application/x-gzip' length 1438389 bytes (1.4 MB)
#9 3.603 ==================================================
#9 4.650 downloaded 1.4 MB
#9 4.650 
#9 5.510 * installing *source* package ‘renv’ ...
#9 5.510 ** this is package ‘renv’ version ‘1.2.4’
#9 5.530 ** package ‘renv’ successfully unpacked and MD5 sums checked
#9 5.531 ** using staged installation
#9 5.558 ** R
#9 5.723 ** inst
#9 5.731 ** byte-compile and prepare package for lazy loading
#9 22.74 ** libs
#9 22.74 using C compiler: ‘x86_64-linux-gnu-gcc (Ubuntu 13.3.0-6ubuntu2~24.04.1) 13.3.0’
#9 22.74 x86_64-linux-gnu-gcc -std=gnu2x -I"/usr/share/R/include" -DNDEBUG       -fpic  -g -O2 -fno-omit-frame-pointer -mno-omit-leaf-frame-pointer -ffile-prefix-map=/build/r-base-SRqRsK/r-base-4.6.1=. -fstack-protector-strong -fstack-clash-protection -Wformat -Werror=format-security -fcf-protection -fdebug-prefix-map=/build/r-base-SRqRsK/r-base-4.6.1=/usr/src/r-base-4.6.1-6.2404.0 -Wdate-time -D_FORTIFY_SOURCE=3  -c renv.c -o renv.o
#9 22.74 x86_64-linux-gnu-gcc -std=gnu2x -shared -L/usr/lib/R/lib -Wl,-Bsymbolic-functions -flto=auto -ffat-lto-objects -Wl,-z,relro -o renv.so renv.o -L/usr/lib/R/lib -lR
#9 22.74 ** help
#9 22.95 *** installing help indices
#9 23.13 *** copying figures
#9 23.13 ** building package indices
#9 23.50 ** installing vignettes
#9 23.51 ** testing if installed package can be loaded from temporary location
#9 23.94 ** checking absolute paths in shared objects and dynamic libraries
#9 23.96 ** testing if installed package can be loaded from final location
#9 24.71 ** testing if installed package keeps a record of temporary installation path
#9 24.72 * DONE (renv)
#9 25.26 Restoring pinned package versions: jsonlite 
#9 26.13 - Querying repositories for available source packages ... Done!
#9 31.82 The following package(s) will be updated:
#9 31.82 
#9 31.82 # RSPM -----------------------------------------------------------------------
#9 31.82 - jsonlite   [* -> 2.0.0]
#9 31.82 
#9 31.84 # Downloading packages -------------------------------------------------------
#9 32.19 
  (0/1) Downloading: jsonlite                                                   
                                                                                
✔ jsonlite 2.0.0                           [1.1 MB in 0.39s]
#9 32.81 
                                                                                
Successfully downloaded 1 package in 0.63 seconds.
#9 32.82 
#9 32.82 # Installing packages --------------------------------------------------------
#9 32.85 
  (0/1) Installing: jsonlite                                                    
  (0/1) Installing: jsonlite                                                    
  (0/1) Installing: jsonlite                                                    
                                                                                
✔ jsonlite 2.0.0                           [built from source in 5.8s]
#9 38.70 Successfully installed 1 package in 5.9 seconds.
#9 38.70 ENVIRONMENT_VERIFIED: R 4.6.1; 79 locked packages; complete Depends/Imports/LinkingTo closure.
#9 44.50 RUNTIME_LIBRARY=/usr/local/lib/R/site-library
#9 DONE 44.7s
#10 [6/6] WORKDIR /project
#10 DONE 0.1s

#11 exporting to image
#11 exporting layers
#11 exporting layers 0.8s done
#11 exporting manifest sha256:e6e21d1ae0c6aa2d71081febe12749d24c1563d47c61e778213b652024297171 0.0s done
#11 exporting config sha256:028c692fe8d1f83535a84bda8383d15562ce3358646f836ac558b2a68a6adaa1 0.0s done
#11 exporting attestation manifest sha256:a178c9d0f66944b55b0ba66f0ec51b34c40d3d55eeb4f18370e4b12d0c182701 0.0s done
#11 exporting manifest list sha256:91f3abef04b2c6f3c90cfecf6cc617db014cc48e1e82506f901b709d21e2df30
#11 exporting manifest list sha256:91f3abef04b2c6f3c90cfecf6cc617db014cc48e1e82506f901b709d21e2df30 0.0s done
#11 naming to docker.io/library/ratio-analysis-v3-3-local:validated done
#11 unpacking to docker.io/library/ratio-analysis-v3-3-local:validated
#11 unpacking to docker.io/library/ratio-analysis-v3-3-local:validated 0.2s done
#11 DONE 1.2s

View build details: docker-desktop://dashboard/build/desktop-linux/desktop-linux/kb2az4kqz8i2d0nipbocgaa4t
